
> temp_project@0.1.0 build
> next build

Γû▓ Next.js 16.1.6 (Turbopack)
- Environments: .env

node.exe : ΓÜá The 
"middleware" file 
convention is deprecated. 
Please use "proxy" instead. 
Learn more: https://nextjs.o
rg/docs/messages/middleware-
to-proxy
At line:1 char:1
+ & "C:\Program 
Files\nodejs/node.exe" 
"C:\Program 
Files\nodejs/node_mo ...
+ ~~~~~~~~~~~~~~~~~~~~~~~~~~
~~~~~~~~~~~~~~~~~~~~~~~~~~~~
~~~~~~~~~~~~~~~
    + CategoryInfo          
    : NotSpecified: (ΓÜá T  
  he "middle...leware-to-   
 proxy:String) [], Remot    
eException
    + FullyQualifiedErrorId 
    : NativeCommandError
 
  Creating an optimized production build ...

> Build error occurred
Error: Turbopack build 
failed with 1 errors:
./src/app/members/page.tsx:1
:1
Export getUser doesn't 
exist in target module
[0m[31m[1m>[22m[39m[90
m 1 |[39m [36mimport[39m 
{ getUser } [36mfrom[39m 
[32m'@/lib/auth'[39m[33m;
[39m
 [90m   |[39m [31m[1m^[
22m[39m[31m[1m^[22m[39m
[31m[1m^[22m[39m[31m[1
m^[22m[39m[31m[1m^[22m
[39m[31m[1m^[22m[39m[31
m[1m^[22m[39m[31m[1m^[
22m[39m[31m[1m^[22m[39m
[31m[1m^[22m[39m[31m[1
m^[22m[39m[31m[1m^[22m
[39m[31m[1m^[22m[39m[31
m[1m^[22m[39m[31m[1m^[
22m[39m[31m[1m^[22m[39m
[31m[1m^[22m[39m[31m[1
m^[22m[39m[31m[1m^[22m
[39m[31m[1m^[22m[39m[31
m[1m^[22m[39m[31m[1m^[
22m[39m[31m[1m^[22m[39m
[31m[1m^[22m[39m[31m[1
m^[22m[39m[31m[1m^[22m
[39m[31m[1m^[22m[39m[31
m[1m^[22m[39m[31m[1m^[
22m[39m[31m[1m^[22m[39m
[31m[1m^[22m[39m[31m[1
m^[22m[39m[31m[1m^[22m
[39m[31m[1m^[22m[39m[31
m[1m^[22m[39m[31m[1m^[
22m[39m[31m[1m^[22m[39m
 [90m 2 |[39m 
[36mimport[39m { getDb } 
[36mfrom[39m [32m'@/lib/d
b'[39m[33m;[39m
 [90m 3 |[39m 
[36mimport[39m { redirect 
} [36mfrom[39m [32m'next/
navigation'[39m[33m;[39m
 [90m 4 |[39m 
[36mimport[39m 
[33mLink[39m 
[36mfrom[39m [32m'next/li
nk'[39m[33m;[39m[0m

The export getUser was not 
found in module 
[project]/src/lib/auth.ts 
[app-rsc] (ecmascript).
Did you mean to import 
getUserRoleServer?
All exports of the module 
are statically known (It 
doesn't have dynamic 
exports). So it's known 
statically that the 
requested export doesn't 
exist.


    at <unknown> (./src/app/
members/page.tsx:1:1)
